// Test args: {"Sheet1","A1:C3"}
[
  [
    [
      "This is cell B2",
      "This is cell C2"
    ],
    [
      "This is cell B3",
      "This is cell C3"
    ]
  ]
]