// Test args: {"Sheet1","2"}
[
  [
    "This is cell B2",
    "This is cell C2"
  ]
]