// Test args: {"Sheet1"}
[
  [
    [
      "This is cell B2",
      "This is cell C2"
    ],
    [
      "This is cell B3",
      "This is cell C3"
    ],
    [
      1337,
      1337.1337
    ],
    [
      "Hello",
      "Hello"
    ],
    [
      "Test",
      "Test",
      "A"
    ],
    [
      "test",
      2,
      null,
      "B"
    ],
    [
      "RED",
      "COLOR"
    ],
    [
      "FORMAT",
      "BORDER"
    ],
    [
      "MERGED"
    ],
    [
      1,
      2
    ],
    [
      "THE END 1",
      "THE END 2"
    ]
  ]
]