// Test args: {"Sheet1","B2"}
[
  "This is cell B2"
]