// Test args: {"Sheet1","B"}
[
  [
    "This is cell B2",
    "This is cell B3",
    1337,
    "Hello",
    "Test",
    "test",
    "RED",
    "FORMAT",
    "MERGED",
    1,
    "THE END 1"
  ]
]