// Test args: {"Sheet1","2:5"}
[
  [
    [
      "This is cell B2",
      "This is cell C2"
    ],
    [
      "This is cell B3",
      "This is cell C3"
    ],
    [
      1337,
      1337.1337
    ],
    [
      "Hello",
      "Hello"
    ]
  ]
]