// Test args: {"Sheet1","C:E"}
[
  [
    [
      "This is cell C2"
    ],
    [
      "This is cell C3"
    ],
    [
      1337.1337
    ],
    [
      "Hello"
    ],
    [
      "Test",
      "A"
    ],
    {
      "1":2,
      "3":"B"
    },
    [
      "COLOR"
    ],
    [
      "BORDER"
    ],
    {},
    [
      2
    ],
    [
      "THE END 2"
    ]
  ]
]