// Test args: {"Sheet1","$A$1:C$3"}
[
  [
    [
      "This is cell B2",
      "This is cell C2"
    ],
    [
      "This is cell B3",
      "This is cell C3"
    ]
  ]
]